******************************************************************************
                  TI ARM Linker PC v18.12.5                    
******************************************************************************
>> Linked Fri Mar  6 11:00:45 2020

OUTPUT FILE NAME:   <lab_4.out>
ENTRY POINT SYMBOL: "_c_int00_noargs"  address: 00000f65


MEMORY CONFIGURATION

         name            origin    length      used     unused   attr    fill
----------------------  --------  ---------  --------  --------  ----  --------
  MAIN                  00000000   00040000  000016da  0003e926  R  X
  INFO                  00200000   00004000  00000000  00004000  R  X
  SRAM_CODE             01000000   00010000  0000023a  0000fdc6  RW X
  SRAM_DATA             20000000   00010000  0000023a  0000fdc6  RW  


SEGMENT ALLOCATION MAP

run origin  load origin   length   init length attrs members
----------  ----------- ---------- ----------- ----- -------
00000000    00000000    000016e0   000016e0    r-x
  00000000    00000000    000000e4   000000e4    r-- .intvecs
  000000e4    000000e4    0000118a   0000118a    r-x .text
  00001270    00001270    00000434   00000434    r-- .const
  000016a8    000016a8    00000038   00000038    r-- .cinit
20000000    20000000    0000003c   00000000    rw-
  20000000    20000000    00000026   00000000    rw- .bss
  20000028    20000028    00000014   00000000    rw- .data
2000fe00    2000fe00    00000200   00000000    rw-
  2000fe00    2000fe00    00000200   00000000    rw- .stack


SECTION ALLOCATION MAP

 output                                  attributes/
section   page    origin      length       input sections
--------  ----  ----------  ----------   ----------------
.intvecs   0    00000000    000000e4     
                  00000000    000000e4     startup_msp432p401r_ccs.obj (.intvecs:retain)

.text      0    000000e4    0000118a     
                  000000e4    0000022a     grlib.a : circle.obj (.text:Graphics_fillCircle)
                  0000030e    000001d8     Crystalfontz128x128_ST7735.obj (.text:Crystalfontz128x128_PixelDrawMultiple)
                  000004e6    00000002     startup_msp432p401r_ccs.obj (.text:Default_Handler)
                  000004e8    00000134     Crystalfontz128x128_ST7735.obj (.text:Crystalfontz128x128_SetDrawFrame)
                  0000061c    0000012c     Crystalfontz128x128_ST7735.obj (.text:Crystalfontz128x128_Init)
                  00000748    000000c8     main.obj (.text:main)
                  00000810    000000b0     msp432p4xx_driverlib.lib : spi.o (.text:SPI_initMaster)
                  000008c0    0000009c     Crystalfontz128x128_ST7735.obj (.text:Crystalfontz128x128_RectFill)
                  0000095c    0000009c     grlib.a : line.obj (.text:Graphics_drawLineH)
                  000009f8    0000009c     rtsv7M4_T_le_v4SPD16_eabi.lib : memcpy_t2.asm.obj (.text)
                  00000a94    00000088     msp432p4xx_driverlib.lib : gpio.o (.text:GPIO_setAsPeripheralModuleFunctionOutputPin)
                  00000b1c    00000078     system_msp432p401r.obj (.text:SystemInit)
                  00000b94    00000068     rtsv7M4_T_le_v4SPD16_eabi.lib : copy_decompress_lzss.c.obj (.text:decompress:lzss:__TI_decompress_lzss)
                  00000bfc    00000060     Crystalfontz128x128_ST7735.obj (.text:Crystalfontz128x128_LineDrawH)
                  00000c5c    00000060     Crystalfontz128x128_ST7735.obj (.text:Crystalfontz128x128_LineDrawV)
                  00000cbc    00000054     Crystalfontz128x128_ST7735.obj (.text:Crystalfontz128x128_SetOrientation)
                  00000d10    00000052     grlib.a : context.obj (.text:Graphics_initContext)
                  00000d62    00000002     --HOLE-- [fill = 0]
                  00000d64    0000004c     main.obj (.text:LCD_init)
                  00000db0    00000044     rtsv7M4_T_le_v4SPD16_eabi.lib : autoinit.c.obj (.text:__TI_auto_init_nobinit_nopinit:__TI_auto_init_nobinit_nopinit)
                  00000df4    00000040     Crystalfontz128x128_ST7735.obj (.text:Crystalfontz128x128_PixelDraw)
                  00000e34    00000040     msp432p4xx_driverlib.lib : gpio.o (.text:GPIO_setAsOutputPin)
                  00000e74    00000040     HAL_MSP_EXP432P401R_Crystalfontz128x128_ST7735.obj (.text:HAL_LCD_SpiInit)
                  00000eb4    00000040     msp432p4xx_driverlib.lib : spi.o (.text:is_A_Module)
                  00000ef4    00000038     HAL_MSP_EXP432P401R_Crystalfontz128x128_ST7735.obj (.text:HAL_LCD_writeCommand)
                  00000f2c    00000036     grlib.a : display.obj (.text:Graphics_drawHorizontalLineOnDisplay)
                  00000f62    00000002     --HOLE-- [fill = 0]
                  00000f64    00000034     rtsv7M4_T_le_v4SPD16_eabi.lib : boot_cortex_m.c.obj (.text:_c_int00_noargs:_c_int00_noargs)
                  00000f98    00000030     HAL_MSP_EXP432P401R_Crystalfontz128x128_ST7735.obj (.text:HAL_LCD_PortInit)
                  00000fc8    00000030     main.obj (.text:erase)
                  00000ff8    0000002c     Crystalfontz128x128_ST7735.obj (.text:Crystalfontz128x128_ClearScreen)
                  00001024    0000002c     HAL_MSP_EXP432P401R_Crystalfontz128x128_ST7735.obj (.text:HAL_LCD_writeData)
                  00001050    00000028     Crystalfontz128x128_ST7735.obj (.text:Crystalfontz128x128_ColorTranslate)
                  00001078    00000028     msp432p4xx_driverlib.lib : gpio.o (.text:GPIO_setOutputHighOnPin)
                  000010a0    00000028                              : gpio.o (.text:GPIO_setOutputLowOnPin)
                  000010c8    00000024                              : wdt_a.o (.text:WDT_A_holdTimer)
                  000010ec    0000001c                              : spi.o (.text:SPI_enableModule)
                  00001108    0000001c     rtsv7M4_T_le_v4SPD16_eabi.lib : copy_zero_init.c.obj (.text:decompress:ZI:__TI_zero_init_nomemset:__TI_zero_init_nomemset)
                  00001124    0000001c     main.obj (.text:draw)
                  00001140    0000001a     grlib.a : display.obj (.text:Graphics_clearDisplayOnDisplay)
                  0000115a    0000001a             : context.obj (.text:Graphics_setBackgroundColor)
                  00001174    0000001a             : context.obj (.text:Graphics_setFont)
                  0000118e    00000002     --HOLE-- [fill = 0]
                  00001190    00000018     msp432p4xx_driverlib.lib : systick.o (.text:SysTick_setPeriod)
                  000011a8    00000016                              : spi.o (.text:EUSCI_A_SPI_enable)
                  000011be    00000016                              : spi.o (.text:EUSCI_B_SPI_enable)
                  000011d4    00000016     grlib.a : context.obj (.text:Graphics_setForegroundColor)
                  000011ea    00000016             : display.obj (.text:Graphics_translateColorOnDisplay)
                  00001200    00000012             : context.obj (.text:Graphics_clearDisplay)
                  00001212    00000002     --HOLE-- [fill = 0]
                  00001214    00000010     msp432p4xx_driverlib.lib : systick.o (.text:SysTick_enableInterrupt)
                  00001224    00000010                              : systick.o (.text:SysTick_enableModule)
                  00001234    0000000e     rtsv7M4_T_le_v4SPD16_eabi.lib : copy_decompress_none.c.obj (.text:decompress:none:__TI_decompress_none)
                  00001242    0000000c     startup_msp432p401r_ccs.obj (.text:Reset_Handler)
                  0000124e    00000002     --HOLE-- [fill = 0]
                  00001250    0000000c     main.obj (.text:SysTick_Handler)
                  0000125c    0000000a     Crystalfontz128x128_ST7735.obj (.text:Crystalfontz128x128_Flush)
                  00001266    00000004     rtsv7M4_T_le_v4SPD16_eabi.lib : pre_init.c.obj (.text:_system_pre_init)
                  0000126a    00000004                                   : exit.c.obj (.text:abort:abort)

.const     0    00001270    00000434     
                  00001270    000002f8     grlib.a : fontfixed6x8.obj (.const:.string:g_pucFontFixed6x8Data)
                  00001568    000000c8             : fontfixed6x8.obj (.const:g_sFontFixed6x8)
                  00001630    00000030     msp432p4xx_driverlib.lib : gpio.o (.const:GPIO_PORT_TO_BASE)
                  00001660    00000020     Crystalfontz128x128_ST7735.obj (.const:g_sCrystalfontz128x128_funcs)
                  00001680    0000001c     HAL_MSP_EXP432P401R_Crystalfontz128x128_ST7735.obj (.const:$P$T0$1)
                  0000169c    00000008     Crystalfontz128x128_ST7735.obj (.const:$P$T0$1)

.cinit     0    000016a8    00000038     
                  000016a8    0000000d     (.cinit..data.load) [load image, compression = lzss]
                  000016b5    00000003     --HOLE-- [fill = 0]
                  000016b8    0000000c     (__TI_handler_table)
                  000016c4    00000004     --HOLE-- [fill = 0]
                  000016c8    00000008     (.cinit..bss.load) [load image, compression = zero_init]
                  000016d0    00000010     (__TI_cinit_table)

.init_array 
*          0    00000000    00000000     UNINITIALIZED

.binit     0    00000000    00000000     

.bss       0    20000000    00000026     UNINITIALIZED
                  20000000    0000001c     (.common:g_sContext)
                  2000001c    00000002     (.common:Lcd_ScreenHeigth)
                  2000001e    00000002     (.common:Lcd_ScreenWidth)
                  20000020    00000002     (.common:Lcd_TouchTrim)
                  20000022    00000001     (.common:Lcd_FlagRead)
                  20000023    00000001     (.common:Lcd_FontSolid)
                  20000024    00000001     (.common:Lcd_Orientation)
                  20000025    00000001     (.common:Lcd_PenSolid)

.data      0    20000028    00000014     UNINITIALIZED
                  20000028    00000010     Crystalfontz128x128_ST7735.obj (.data:g_sCrystalfontz128x128)
                  20000038    00000004     main.obj (.data)

.stack     0    2000fe00    00000200     UNINITIALIZED
                  2000fe00    00000004     rtsv7M4_T_le_v4SPD16_eabi.lib : boot_cortex_m.c.obj (.stack)
                  2000fe04    000001fc     --HOLE--

MODULE SUMMARY

       Module                                               code   ro data   rw data
       ------                                               ----   -------   -------
    .\
       main.obj                                             364    0         64     
       system_msp432p401r.obj                               120    0         0      
    +--+----------------------------------------------------+------+---------+---------+
       Total:                                               484    0         64     
                                                                                    
    .\LcdDriver\
       Crystalfontz128x128_ST7735.obj                       1670   40        52     
       HAL_MSP_EXP432P401R_Crystalfontz128x128_ST7735.obj   212    28        0      
    +--+----------------------------------------------------+------+---------+---------+
       Total:                                               1882   68        52     
                                                                                    
    .\ccs\
       startup_msp432p401r_ccs.obj                          14     228       0      
    +--+----------------------------------------------------+------+---------+---------+
       Total:                                               14     228       0      
                                                                                    
    C:/ti/simplelink_msp432p4_sdk_3_40_01_02/source/ti/devices/msp432p4xx/driverlib/ccs/msp432p4xx_driverlib.lib
       gpio.o                                               280    48        0      
       spi.o                                                312    0         0      
       systick.o                                            56     0         0      
       wdt_a.o                                              36     0         0      
    +--+----------------------------------------------------+------+---------+---------+
       Total:                                               684    48        0      
                                                                                    
    C:/ti/simplelink_msp432p4_sdk_3_40_01_02/source/ti/grlib/lib/ccs/m4f/grlib.a
       fontfixed6x8.obj                                     0      960       0      
       circle.obj                                           554    0         0      
       context.obj                                          174    0         0      
       line.obj                                             156    0         0      
       display.obj                                          102    0         0      
    +--+----------------------------------------------------+------+---------+---------+
       Total:                                               986    960       0      
                                                                                    
    C:\ti\ccs930\ccs\tools\compiler\ti-cgt-arm_18.12.5.LTS\lib\rtsv7M4_T_le_v4SPD16_eabi.lib
       memcpy_t2.asm.obj                                    156    0         0      
       copy_decompress_lzss.c.obj                           104    0         0      
       autoinit.c.obj                                       68     0         0      
       boot_cortex_m.c.obj                                  52     0         0      
       copy_zero_init.c.obj                                 28     0         0      
       copy_decompress_none.c.obj                           14     0         0      
       exit.c.obj                                           4      0         0      
       pre_init.c.obj                                       4      0         0      
    +--+----------------------------------------------------+------+---------+---------+
       Total:                                               430    0         0      
                                                                                    
       Stack:                                               0      0         1024   
       Linker Generated:                                    0      49        0      
    +--+----------------------------------------------------+------+---------+---------+
       Grand Total:                                         4480   1353      1140   


LINKER GENERATED COPY TABLES

__TI_cinit_table @ 000016d0 records: 2, size/record: 8, table size: 16
	.data: load addr=000016a8, load size=0000000d bytes, run addr=20000028, run size=00000014 bytes, compression=lzss
	.bss: load addr=000016c8, load size=00000008 bytes, run addr=20000000, run size=00000026 bytes, compression=zero_init


LINKER GENERATED HANDLER TABLE

__TI_handler_table @ 000016b8 records: 3, size/record: 4, table size: 12
	index: 0, handler: __TI_decompress_lzss
	index: 1, handler: __TI_decompress_none
	index: 2, handler: __TI_zero_init


GLOBAL SYMBOLS: SORTED ALPHABETICALLY BY Name 

address   name                                       
-------   ----                                       
000004e7  ADC14_IRQHandler                           
000004e7  AES256_IRQHandler                          
000004e7  BusFault_Handler                           
0000126b  C$$EXIT                                    
000004e7  COMP_E0_IRQHandler                         
000004e7  COMP_E1_IRQHandler                         
000004e7  CS_IRQHandler                              
0000061d  Crystalfontz128x128_Init                   
000004e9  Crystalfontz128x128_SetDrawFrame           
00000cbd  Crystalfontz128x128_SetOrientation         
000004e7  DMA_ERR_IRQHandler                         
000004e7  DMA_INT0_IRQHandler                        
000004e7  DMA_INT1_IRQHandler                        
000004e7  DMA_INT2_IRQHandler                        
000004e7  DMA_INT3_IRQHandler                        
000004e7  DebugMon_Handler                           
000004e7  Default_Handler                            
000004e7  EUSCIA0_IRQHandler                         
000004e7  EUSCIA1_IRQHandler                         
000004e7  EUSCIA2_IRQHandler                         
000004e7  EUSCIA3_IRQHandler                         
000004e7  EUSCIB0_IRQHandler                         
000004e7  EUSCIB1_IRQHandler                         
000004e7  EUSCIB2_IRQHandler                         
000004e7  EUSCIB3_IRQHandler                         
000011a9  EUSCI_A_SPI_enable                         
000011bf  EUSCI_B_SPI_enable                         
000004e7  FLCTL_IRQHandler                           
000004e7  FPU_IRQHandler                             
00000e35  GPIO_setAsOutputPin                        
00000a95  GPIO_setAsPeripheralModuleFunctionOutputPin
00001079  GPIO_setOutputHighOnPin                    
000010a1  GPIO_setOutputLowOnPin                     
00001201  Graphics_clearDisplay                      
00001141  Graphics_clearDisplayOnDisplay             
00000f2d  Graphics_drawHorizontalLineOnDisplay       
0000095d  Graphics_drawLineH                         
000000e5  Graphics_fillCircle                        
00000d11  Graphics_initContext                       
0000115b  Graphics_setBackgroundColor                
00001175  Graphics_setFont                           
000011d5  Graphics_setForegroundColor                
000011eb  Graphics_translateColorOnDisplay           
00000f99  HAL_LCD_PortInit                           
00000e75  HAL_LCD_SpiInit                            
00000ef5  HAL_LCD_writeCommand                       
00001025  HAL_LCD_writeData                          
000004e7  HardFault_Handler                          
00000d65  LCD_init                                   
20000022  Lcd_FlagRead                               
20000023  Lcd_FontSolid                              
20000024  Lcd_Orientation                            
20000025  Lcd_PenSolid                               
2000001c  Lcd_ScreenHeigth                           
2000001e  Lcd_ScreenWidth                            
20000020  Lcd_TouchTrim                              
000004e7  MemManage_Handler                          
000004e7  NMI_Handler                                
000004e7  PCM_IRQHandler                             
000004e7  PORT1_IRQHandler                           
000004e7  PORT2_IRQHandler                           
000004e7  PORT3_IRQHandler                           
000004e7  PORT4_IRQHandler                           
000004e7  PORT5_IRQHandler                           
000004e7  PORT6_IRQHandler                           
000004e7  PSS_IRQHandler                             
000004e7  PendSV_Handler                             
000004e7  RTC_C_IRQHandler                           
00001243  Reset_Handler                              
000010ed  SPI_enableModule                           
00000811  SPI_initMaster                             
000004e7  SVC_Handler                                
00001251  SysTick_Handler                            
00001251  SysTick_Handler                            
00001215  SysTick_enableInterrupt                    
00001225  SysTick_enableModule                       
00001191  SysTick_setPeriod                          
00000b1d  SystemInit                                 
000004e7  T32_INT1_IRQHandler                        
000004e7  T32_INT2_IRQHandler                        
000004e7  T32_INTC_IRQHandler                        
000004e7  TA0_0_IRQHandler                           
000004e7  TA0_N_IRQHandler                           
000004e7  TA1_0_IRQHandler                           
000004e7  TA1_N_IRQHandler                           
000004e7  TA2_0_IRQHandler                           
000004e7  TA2_N_IRQHandler                           
000004e7  TA3_0_IRQHandler                           
000004e7  TA3_N_IRQHandler                           
000004e7  UsageFault_Handler                         
4000480c  WDTCTL_SYM                                 
000004e7  WDT_A_IRQHandler                           
000010c9  WDT_A_holdTimer                            
20010000  __STACK_END                                
00000200  __STACK_SIZE                               
000016d0  __TI_CINIT_Base                            
000016e0  __TI_CINIT_Limit                           
000016b8  __TI_Handler_Table_Base                    
000016c4  __TI_Handler_Table_Limit                   
00000db1  __TI_auto_init_nobinit_nopinit             
00000b95  __TI_decompress_lzss                       
00001235  __TI_decompress_none                       
ffffffff  __TI_pprof_out_hndl                        
ffffffff  __TI_prof_data_size                        
ffffffff  __TI_prof_data_start                       
00000000  __TI_static_base__                         
00001109  __TI_zero_init_nomemset                    
000009f9  __aeabi_memcpy                             
000009f9  __aeabi_memcpy4                            
000009f9  __aeabi_memcpy8                            
ffffffff  __binit__                                  
ffffffff  __c_args__                                 
UNDEFED   __mpu_init                                 
2000fe00  __stack                                    
00000f65  _c_int00_noargs                            
UNDEFED   _system_post_cinit                         
00001267  _system_pre_init                           
0000126b  abort                                      
ffffffff  binit                                      
00001125  draw                                       
00000fc9  erase                                      
20000038  flag                                       
20000000  g_sContext                                 
20000028  g_sCrystalfontz128x128                     
00001660  g_sCrystalfontz128x128_funcs               
00001568  g_sFontFixed6x8                            
00000000  interruptVectors                           
00000749  main                                       
000009f9  memcpy                                     


GLOBAL SYMBOLS: SORTED BY Symbol Address 

address   name                                       
-------   ----                                       
00000000  __TI_static_base__                         
00000000  interruptVectors                           
000000e5  Graphics_fillCircle                        
00000200  __STACK_SIZE                               
000004e7  ADC14_IRQHandler                           
000004e7  AES256_IRQHandler                          
000004e7  BusFault_Handler                           
000004e7  COMP_E0_IRQHandler                         
000004e7  COMP_E1_IRQHandler                         
000004e7  CS_IRQHandler                              
000004e7  DMA_ERR_IRQHandler                         
000004e7  DMA_INT0_IRQHandler                        
000004e7  DMA_INT1_IRQHandler                        
000004e7  DMA_INT2_IRQHandler                        
000004e7  DMA_INT3_IRQHandler                        
000004e7  DebugMon_Handler                           
000004e7  Default_Handler                            
000004e7  EUSCIA0_IRQHandler                         
000004e7  EUSCIA1_IRQHandler                         
000004e7  EUSCIA2_IRQHandler                         
000004e7  EUSCIA3_IRQHandler                         
000004e7  EUSCIB0_IRQHandler                         
000004e7  EUSCIB1_IRQHandler                         
000004e7  EUSCIB2_IRQHandler                         
000004e7  EUSCIB3_IRQHandler                         
000004e7  FLCTL_IRQHandler                           
000004e7  FPU_IRQHandler                             
000004e7  HardFault_Handler                          
000004e7  MemManage_Handler                          
000004e7  NMI_Handler                                
000004e7  PCM_IRQHandler                             
000004e7  PORT1_IRQHandler                           
000004e7  PORT2_IRQHandler                           
000004e7  PORT3_IRQHandler                           
000004e7  PORT4_IRQHandler                           
000004e7  PORT5_IRQHandler                           
000004e7  PORT6_IRQHandler                           
000004e7  PSS_IRQHandler                             
000004e7  PendSV_Handler                             
000004e7  RTC_C_IRQHandler                           
000004e7  SVC_Handler                                
000004e7  T32_INT1_IRQHandler                        
000004e7  T32_INT2_IRQHandler                        
000004e7  T32_INTC_IRQHandler                        
000004e7  TA0_0_IRQHandler                           
000004e7  TA0_N_IRQHandler                           
000004e7  TA1_0_IRQHandler                           
000004e7  TA1_N_IRQHandler                           
000004e7  TA2_0_IRQHandler                           
000004e7  TA2_N_IRQHandler                           
000004e7  TA3_0_IRQHandler                           
000004e7  TA3_N_IRQHandler                           
000004e7  UsageFault_Handler                         
000004e7  WDT_A_IRQHandler                           
000004e9  Crystalfontz128x128_SetDrawFrame           
0000061d  Crystalfontz128x128_Init                   
00000749  main                                       
00000811  SPI_initMaster                             
0000095d  Graphics_drawLineH                         
000009f9  __aeabi_memcpy                             
000009f9  __aeabi_memcpy4                            
000009f9  __aeabi_memcpy8                            
000009f9  memcpy                                     
00000a95  GPIO_setAsPeripheralModuleFunctionOutputPin
00000b1d  SystemInit                                 
00000b95  __TI_decompress_lzss                       
00000cbd  Crystalfontz128x128_SetOrientation         
00000d11  Graphics_initContext                       
00000d65  LCD_init                                   
00000db1  __TI_auto_init_nobinit_nopinit             
00000e35  GPIO_setAsOutputPin                        
00000e75  HAL_LCD_SpiInit                            
00000ef5  HAL_LCD_writeCommand                       
00000f2d  Graphics_drawHorizontalLineOnDisplay       
00000f65  _c_int00_noargs                            
00000f99  HAL_LCD_PortInit                           
00000fc9  erase                                      
00001025  HAL_LCD_writeData                          
00001079  GPIO_setOutputHighOnPin                    
000010a1  GPIO_setOutputLowOnPin                     
000010c9  WDT_A_holdTimer                            
000010ed  SPI_enableModule                           
00001109  __TI_zero_init_nomemset                    
00001125  draw                                       
00001141  Graphics_clearDisplayOnDisplay             
0000115b  Graphics_setBackgroundColor                
00001175  Graphics_setFont                           
00001191  SysTick_setPeriod                          
000011a9  EUSCI_A_SPI_enable                         
000011bf  EUSCI_B_SPI_enable                         
000011d5  Graphics_setForegroundColor                
000011eb  Graphics_translateColorOnDisplay           
00001201  Graphics_clearDisplay                      
00001215  SysTick_enableInterrupt                    
00001225  SysTick_enableModule                       
00001235  __TI_decompress_none                       
00001243  Reset_Handler                              
00001251  SysTick_Handler                            
00001251  SysTick_Handler                            
00001267  _system_pre_init                           
0000126b  C$$EXIT                                    
0000126b  abort                                      
00001568  g_sFontFixed6x8                            
00001660  g_sCrystalfontz128x128_funcs               
000016b8  __TI_Handler_Table_Base                    
000016c4  __TI_Handler_Table_Limit                   
000016d0  __TI_CINIT_Base                            
000016e0  __TI_CINIT_Limit                           
20000000  g_sContext                                 
2000001c  Lcd_ScreenHeigth                           
2000001e  Lcd_ScreenWidth                            
20000020  Lcd_TouchTrim                              
20000022  Lcd_FlagRead                               
20000023  Lcd_FontSolid                              
20000024  Lcd_Orientation                            
20000025  Lcd_PenSolid                               
20000028  g_sCrystalfontz128x128                     
20000038  flag                                       
2000fe00  __stack                                    
20010000  __STACK_END                                
4000480c  WDTCTL_SYM                                 
ffffffff  __TI_pprof_out_hndl                        
ffffffff  __TI_prof_data_size                        
ffffffff  __TI_prof_data_start                       
ffffffff  __binit__                                  
ffffffff  __c_args__                                 
ffffffff  binit                                      
UNDEFED   __mpu_init                                 
UNDEFED   _system_post_cinit                         

[129 symbols]
