******************************************************************************
                  TI ARM Linker PC v18.12.5                    
******************************************************************************
>> Linked Fri Mar 13 13:13:46 2020

OUTPUT FILE NAME:   <lab_4part2.out>
ENTRY POINT SYMBOL: "_c_int00_noargs"  address: 000034b5


MEMORY CONFIGURATION

         name            origin    length      used     unused   attr    fill
----------------------  --------  ---------  --------  --------  ----  --------
  MAIN                  00000000   00040000  00003f1c  0003c0e4  R  X
  INFO                  00200000   00004000  00000000  00004000  R  X
  SRAM_CODE             01000000   00010000  00000242  0000fdbe  RW X
  SRAM_DATA             20000000   00010000  00000242  0000fdbe  RW  


SEGMENT ALLOCATION MAP

run origin  load origin   length   init length attrs members
----------  ----------- ---------- ----------- ----- -------
00000000    00000000    00003f20   00003f20    r-x
  00000000    00000000    000000e4   000000e4    r-- .intvecs
  000000e4    000000e4    000038c0   000038c0    r-x .text
  000039a4    000039a4    00000540   00000540    r-- .const
  00003ee8    00003ee8    00000038   00000038    r-- .cinit
20000000    20000000    00000044   00000000    rw-
  20000000    20000000    00000026   00000000    rw- .bss
  20000028    20000028    0000001c   00000000    rw- .data
2000fe00    2000fe00    00000200   00000000    rw-
  2000fe00    2000fe00    00000200   00000000    rw- .stack


SECTION ALLOCATION MAP

 output                                  attributes/
section   page    origin      length       input sections
--------  ----  ----------  ----------   ----------------
.intvecs   0    00000000    000000e4     
                  00000000    000000e4     startup_msp432p401r_ccs.obj (.intvecs:retain)

.text      0    000000e4    000038c0     
                  000000e4    00000a4e     rtsv7M4_T_le_v4SPD16_eabi.lib : _printfi.c.obj (.text:__TI_printfi)
                  00000b32    0000047e     grlib.a : string.obj (.text:Graphics_drawString)
                  00000fb0    000002a0     main.obj (.text:main)
                  00001250    00000270     rtsv7M4_T_le_v4SPD16_eabi.lib : _printfi.c.obj (.text:_pconv_a)
                  000014c0    0000022a     grlib.a : circle.obj (.text:Graphics_fillCircle)
                  000016ea    000001d8     Crystalfontz128x128_ST7735.obj (.text:Crystalfontz128x128_PixelDrawMultiple)
                  000018c2    00000002     startup_msp432p401r_ccs.obj (.text:Default_Handler)
                  000018c4    000001d0     rtsv7M4_T_le_v4SPD16_eabi.lib : _printfi.c.obj (.text:_pconv_g)
                  00001a94    000001b6                                   : fd_add_t2.asm.obj (.text)
                  00001c4a    00000002                                   : div0.asm.obj (.text)
                  00001c4c    0000013c                                   : _printfi.c.obj (.text:_pconv_e)
                  00001d88    00000136                                   : fd_div_t2.asm.obj (.text)
                  00001ebe    00000002     --HOLE-- [fill = 0]
                  00001ec0    00000134     Crystalfontz128x128_ST7735.obj (.text:Crystalfontz128x128_SetDrawFrame)
                  00001ff4    0000012c     Crystalfontz128x128_ST7735.obj (.text:Crystalfontz128x128_Init)
                  00002120    00000124     rtsv7M4_T_le_v4SPD16_eabi.lib : _printfi.c.obj (.text:fcvt)
                  00002244    00000110                                   : s_scalbn.c.obj (.text:scalbn)
                  00002354    000000fc                                   : fd_mul_t2.asm.obj (.text)
                  00002450    000000fa     grlib.a : string.obj (.text:Graphics_getStringWidth)
                  0000254a    00000002     --HOLE-- [fill = 0]
                  0000254c    000000b1     rtsv7M4_T_le_v4SPD16_eabi.lib : _printfi.c.obj (.text:_ltostr)
                  000025fd    00000001     --HOLE-- [fill = 0]
                  000025fe    000000b0     msp432p4xx_driverlib.lib : spi.o (.text:SPI_initMaster)
                  000026ae    0000009c     Crystalfontz128x128_ST7735.obj (.text:Crystalfontz128x128_RectFill)
                  0000274a    0000009c     grlib.a : line.obj (.text:Graphics_drawLineH)
                  000027e6    0000009c             : line.obj (.text:Graphics_drawLineV)
                  00002882    0000009c     rtsv7M4_T_le_v4SPD16_eabi.lib : memcpy_t2.asm.obj (.text)
                  0000291e    00000096                                   : ull_div_t2.asm.obj (.text)
                  000029b4    00000088     msp432p4xx_driverlib.lib : gpio.o (.text:GPIO_setAsPeripheralModuleFunctionOutputPin)
                  00002a3c    00000086     rtsv7M4_T_le_v4SPD16_eabi.lib : fd_cmp_t2.asm.obj (.text:__aeabi_cdcmple)
                  00002ac2    00000086                                   : fd_cmp_t2.asm.obj (.text:__aeabi_cdrcmple)
                  00002b48    00000080     msp432p4xx_driverlib.lib : interrupt.o (.text:Interrupt_enableInterrupt)
                  00002bc8    0000007a     rtsv7M4_T_le_v4SPD16_eabi.lib : memset_t2.asm.obj (.text)
                  00002c42    00000002     --HOLE-- [fill = 0]
                  00002c44    00000078     system_msp432p401r.obj (.text:SystemInit)
                  00002cbc    0000006e     rtsv7M4_T_le_v4SPD16_eabi.lib : _printfi.c.obj (.text:_mcpy)
                  00002d2a    00000068                                   : copy_decompress_lzss.c.obj (.text:decompress:lzss:__TI_decompress_lzss)
                  00002d92    00000002     --HOLE-- [fill = 0]
                  00002d94    00000064                                   : s_frexp.c.obj (.text:frexp)
                  00002df8    00000060     Crystalfontz128x128_ST7735.obj (.text:Crystalfontz128x128_LineDrawH)
                  00002e58    00000060     Crystalfontz128x128_ST7735.obj (.text:Crystalfontz128x128_LineDrawV)
                  00002eb8    00000056     rtsv7M4_T_le_v4SPD16_eabi.lib : _printfi.c.obj (.text:_pconv_f)
                  00002f0e    00000002     --HOLE-- [fill = 0]
                  00002f10    00000054     Crystalfontz128x128_ST7735.obj (.text:Crystalfontz128x128_SetOrientation)
                  00002f64    00000054     rtsv7M4_T_le_v4SPD16_eabi.lib : ltoa.c.obj (.text:ltoa)
                  00002fb8    00000052     grlib.a : context.obj (.text:Graphics_initContext)
                  0000300a    00000052     rtsv7M4_T_le_v4SPD16_eabi.lib : _printfi.c.obj (.text:_ecpy)
                  0000305c    0000004c     msp432p4xx_driverlib.lib : gpio.o (.text:GPIO_setAsInputPin)
                  000030a8    0000004c     main.obj (.text:LCD_init)
                  000030f4    0000004c     rtsv7M4_T_le_v4SPD16_eabi.lib : atoi.c.obj (.text:atoi)
                  00003140    00000048     grlib.a : string.obj (.text:Graphics_drawStringCentered)
                  00003188    00000048     rtsv7M4_T_le_v4SPD16_eabi.lib : fd_toi_t2.asm.obj (.text)
                  000031d0    00000044                                   : autoinit.c.obj (.text:__TI_auto_init_nobinit_nopinit:__TI_auto_init_nobinit_nopinit)
                  00003214    00000040     Crystalfontz128x128_ST7735.obj (.text:Crystalfontz128x128_PixelDraw)
                  00003254    00000040     msp432p4xx_driverlib.lib : gpio.o (.text:GPIO_setAsOutputPin)
                  00003294    00000040     grlib.a : string.obj (.text:Graphics_getNumberOfLeadingZeros)
                  000032d4    00000040     HAL_MSP_EXP432P401R_Crystalfontz128x128_ST7735.obj (.text:HAL_LCD_SpiInit)
                  00003314    00000040     msp432p4xx_driverlib.lib : spi.o (.text:is_A_Module)
                  00003354    00000040     rtsv7M4_T_le_v4SPD16_eabi.lib : sprintf.c.obj (.text:sprintf)
                  00003394    0000003e                                   : _printfi.c.obj (.text:_fcpy)
                  000033d2    00000002     --HOLE-- [fill = 0]
                  000033d4    0000003c     msp432p4xx_driverlib.lib : gpio.o (.text:GPIO_interruptEdgeSelect)
                  00003410    00000038     HAL_MSP_EXP432P401R_Crystalfontz128x128_ST7735.obj (.text:HAL_LCD_writeCommand)
                  00003448    00000036     grlib.a : display.obj (.text:Graphics_drawHorizontalLineOnDisplay)
                  0000347e    00000036             : display.obj (.text:Graphics_drawVerticalLineOnDisplay)
                  000034b4    00000034     rtsv7M4_T_le_v4SPD16_eabi.lib : boot_cortex_m.c.obj (.text:_c_int00_noargs:_c_int00_noargs)
                  000034e8    00000034     main.obj (.text:erase_paddle)
                  0000351c    00000030     HAL_MSP_EXP432P401R_Crystalfontz128x128_ST7735.obj (.text:HAL_LCD_PortInit)
                  0000354c    00000030     main.obj (.text:erase)
                  0000357c    0000002e     rtsv7M4_T_le_v4SPD16_eabi.lib : i_tofd_t2.asm.obj (.text)
                  000035aa    00000002     --HOLE-- [fill = 0]
                  000035ac    0000002c     Crystalfontz128x128_ST7735.obj (.text:Crystalfontz128x128_ClearScreen)
                  000035d8    0000002c     grlib.a : display.obj (.text:Graphics_drawPixelOnDisplay)
                  00003604    0000002c     HAL_MSP_EXP432P401R_Crystalfontz128x128_ST7735.obj (.text:HAL_LCD_writeData)
                  00003630    00000028     Crystalfontz128x128_ST7735.obj (.text:Crystalfontz128x128_ColorTranslate)
                  00003658    00000028     msp432p4xx_driverlib.lib : gpio.o (.text:GPIO_clearInterruptFlag)
                  00003680    00000028                              : gpio.o (.text:GPIO_enableInterrupt)
                  000036a8    00000028                              : gpio.o (.text:GPIO_setOutputHighOnPin)
                  000036d0    00000028                              : gpio.o (.text:GPIO_setOutputLowOnPin)
                  000036f8    00000024                              : wdt_a.o (.text:WDT_A_holdTimer)
                  0000371c    00000020     main.obj (.text:draw_paddle)
                  0000373c    0000001c     msp432p4xx_driverlib.lib : spi.o (.text:SPI_enableModule)
                  00003758    0000001c     rtsv7M4_T_le_v4SPD16_eabi.lib : copy_zero_init.c.obj (.text:decompress:ZI:__TI_zero_init_nomemset:__TI_zero_init_nomemset)
                  00003774    0000001c     main.obj (.text:draw)
                  00003790    0000001c     rtsv7M4_T_le_v4SPD16_eabi.lib : memccpy.c.obj (.text:memccpy)
                  000037ac    0000001a     grlib.a : display.obj (.text:Graphics_clearDisplayOnDisplay)
                  000037c6    0000001a             : context.obj (.text:Graphics_setBackgroundColor)
                  000037e0    0000001a             : context.obj (.text:Graphics_setFont)
                  000037fa    0000001a     rtsv7M4_T_le_v4SPD16_eabi.lib : s_copysign.c.obj (.text:copysign)
                  00003814    00000018     main.obj (.text:PORT3_IRQHandler)
                  0000382c    00000018     main.obj (.text:PORT5_IRQHandler)
                  00003844    00000018     msp432p4xx_driverlib.lib : systick.o (.text:SysTick_setPeriod)
                  0000385c    00000018     rtsv7M4_T_le_v4SPD16_eabi.lib : sprintf.c.obj (.text:_outs)
                  00003874    00000016     msp432p4xx_driverlib.lib : spi.o (.text:EUSCI_A_SPI_enable)
                  0000388a    00000016                              : spi.o (.text:EUSCI_B_SPI_enable)
                  000038a0    00000016     grlib.a : context.obj (.text:Graphics_setForegroundColor)
                  000038b6    00000016             : display.obj (.text:Graphics_translateColorOnDisplay)
                  000038cc    00000016     rtsv7M4_T_le_v4SPD16_eabi.lib : strchr.c.obj (.text:strchr)
                  000038e2    00000014                                   : strlen.c.obj (.text:strlen)
                  000038f6    00000012     grlib.a : context.obj (.text:Graphics_clearDisplay)
                  00003908    00000012     rtsv7M4_T_le_v4SPD16_eabi.lib : wcslen.c.obj (.text:wcslen)
                  0000391a    00000010     msp432p4xx_driverlib.lib : interrupt.o (.text:Interrupt_enableMaster)
                  0000392a    00000002     --HOLE-- [fill = 0]
                  0000392c    00000010                              : systick.o (.text:SysTick_enableInterrupt)
                  0000393c    00000010                              : systick.o (.text:SysTick_enableModule)
                  0000394c    0000000e     rtsv7M4_T_le_v4SPD16_eabi.lib : copy_decompress_none.c.obj (.text:decompress:none:__TI_decompress_none)
                  0000395a    0000000c     msp432p4xx_driverlib.lib : cpu.o (.text:CPU_cpsie)
                  00003966    0000000c     startup_msp432p401r_ccs.obj (.text:Reset_Handler)
                  00003972    00000002     --HOLE-- [fill = 0]
                  00003974    0000000c     main.obj (.text:SysTick_Handler)
                  00003980    0000000a     Crystalfontz128x128_ST7735.obj (.text:Crystalfontz128x128_Flush)
                  0000398a    0000000a     rtsv7M4_T_le_v4SPD16_eabi.lib : sprintf.c.obj (.text:_outc)
                  00003994    00000008                                   : errno.c.obj (.text:__aeabi_errno_addr)
                  0000399c    00000004                                   : pre_init.c.obj (.text:_system_pre_init)
                  000039a0    00000004                                   : exit.c.obj (.text:abort:abort)

.const     0    000039a4    00000540     
                  000039a4    000002f8     grlib.a : fontfixed6x8.obj (.const:.string:g_pucFontFixed6x8Data)
                  00003c9c    00000101     rtsv7M4_T_le_v4SPD16_eabi.lib : ctype.c.obj (.const:.string:_ctypes_)
                  00003d9d    00000003     --HOLE-- [fill = 0]
                  00003da0    000000c8     grlib.a : fontfixed6x8.obj (.const:g_sFontFixed6x8)
                  00003e68    00000030     msp432p4xx_driverlib.lib : gpio.o (.const:GPIO_PORT_TO_BASE)
                  00003e98    00000020     Crystalfontz128x128_ST7735.obj (.const:g_sCrystalfontz128x128_funcs)
                  00003eb8    0000001c     HAL_MSP_EXP432P401R_Crystalfontz128x128_ST7735.obj (.const:$P$T0$1)
                  00003ed4    00000008     Crystalfontz128x128_ST7735.obj (.const:$P$T0$1)
                  00003edc    00000008     msp432p4xx_driverlib.lib : interrupt.o (.const:g_pulEnRegs)

.cinit     0    00003ee8    00000038     
                  00003ee8    0000000d     (.cinit..data.load) [load image, compression = lzss]
                  00003ef5    00000003     --HOLE-- [fill = 0]
                  00003ef8    0000000c     (__TI_handler_table)
                  00003f04    00000004     --HOLE-- [fill = 0]
                  00003f08    00000008     (.cinit..bss.load) [load image, compression = zero_init]
                  00003f10    00000010     (__TI_cinit_table)

.init_array 
*          0    00000000    00000000     UNINITIALIZED

.binit     0    00000000    00000000     

.bss       0    20000000    00000026     UNINITIALIZED
                  20000000    0000001c     (.common:g_sContext)
                  2000001c    00000002     (.common:Lcd_ScreenHeigth)
                  2000001e    00000002     (.common:Lcd_ScreenWidth)
                  20000020    00000002     (.common:Lcd_TouchTrim)
                  20000022    00000001     (.common:Lcd_FlagRead)
                  20000023    00000001     (.common:Lcd_FontSolid)
                  20000024    00000001     (.common:Lcd_Orientation)
                  20000025    00000001     (.common:Lcd_PenSolid)

.data      0    20000028    0000001c     UNINITIALIZED
                  20000028    00000010     Crystalfontz128x128_ST7735.obj (.data:g_sCrystalfontz128x128)
                  20000038    00000006     main.obj (.data)
                  2000003e    00000002     --HOLE--
                  20000040    00000004     rtsv7M4_T_le_v4SPD16_eabi.lib : errno.c.obj (.data)

.stack     0    2000fe00    00000200     UNINITIALIZED
                  2000fe00    00000004     rtsv7M4_T_le_v4SPD16_eabi.lib : boot_cortex_m.c.obj (.stack)
                  2000fe04    000001fc     --HOLE--

MODULE SUMMARY

       Module                                               code    ro data   rw data
       ------                                               ----    -------   -------
    .\
       main.obj                                             968     0         68     
       system_msp432p401r.obj                               120     0         0      
    +--+----------------------------------------------------+-------+---------+---------+
       Total:                                               1088    0         68     
                                                                                     
    .\LcdDriver\
       Crystalfontz128x128_ST7735.obj                       1670    40        52     
       HAL_MSP_EXP432P401R_Crystalfontz128x128_ST7735.obj   212     28        0      
    +--+----------------------------------------------------+-------+---------+---------+
       Total:                                               1882    68        52     
                                                                                     
    .\ccs\
       startup_msp432p401r_ccs.obj                          14      228       0      
    +--+----------------------------------------------------+-------+---------+---------+
       Total:                                               14      228       0      
                                                                                     
    C:/ti/simplelink_msp432p4_sdk_3_40_01_02/source/ti/devices/msp432p4xx/driverlib/ccs/msp432p4xx_driverlib.lib
       gpio.o                                               496     48        0      
       spi.o                                                312     0         0      
       interrupt.o                                          144     8         0      
       systick.o                                            56      0         0      
       wdt_a.o                                              36      0         0      
       cpu.o                                                12      0         0      
    +--+----------------------------------------------------+-------+---------+---------+
       Total:                                               1056    56        0      
                                                                                     
    C:/ti/simplelink_msp432p4_sdk_3_40_01_02/source/ti/grlib/lib/ccs/m4f/grlib.a
       string.obj                                           1536    0         0      
       fontfixed6x8.obj                                     0       960       0      
       circle.obj                                           554     0         0      
       line.obj                                             312     0         0      
       display.obj                                          200     0         0      
       context.obj                                          174     0         0      
    +--+----------------------------------------------------+-------+---------+---------+
       Total:                                               2776    960       0      
                                                                                     
    C:\ti\ccs930\ccs\tools\compiler\ti-cgt-arm_18.12.5.LTS\lib\rtsv7M4_T_le_v4SPD16_eabi.lib
       _printfi.c.obj                                       4851    0         0      
       fd_add_t2.asm.obj                                    438     0         0      
       fd_div_t2.asm.obj                                    310     0         0      
       s_scalbn.c.obj                                       272     0         0      
       fd_cmp_t2.asm.obj                                    268     0         0      
       ctype.c.obj                                          0       257       0      
       fd_mul_t2.asm.obj                                    252     0         0      
       memcpy_t2.asm.obj                                    156     0         0      
       ull_div_t2.asm.obj                                   150     0         0      
       memset_t2.asm.obj                                    122     0         0      
       copy_decompress_lzss.c.obj                           104     0         0      
       s_frexp.c.obj                                        100     0         0      
       sprintf.c.obj                                        98      0         0      
       ltoa.c.obj                                           84      0         0      
       atoi.c.obj                                           76      0         0      
       fd_toi_t2.asm.obj                                    72      0         0      
       autoinit.c.obj                                       68      0         0      
       boot_cortex_m.c.obj                                  52      0         0      
       i_tofd_t2.asm.obj                                    46      0         0      
       copy_zero_init.c.obj                                 28      0         0      
       memccpy.c.obj                                        28      0         0      
       s_copysign.c.obj                                     26      0         0      
       strchr.c.obj                                         22      0         0      
       strlen.c.obj                                         20      0         0      
       wcslen.c.obj                                         18      0         0      
       errno.c.obj                                          8       0         8      
       copy_decompress_none.c.obj                           14      0         0      
       exit.c.obj                                           4       0         0      
       pre_init.c.obj                                       4       0         0      
       div0.asm.obj                                         2       0         0      
    +--+----------------------------------------------------+-------+---------+---------+
       Total:                                               7693    257       8      
                                                                                     
       Stack:                                               0       0         1024   
       Linker Generated:                                    0       49        0      
    +--+----------------------------------------------------+-------+---------+---------+
       Grand Total:                                         14509   1618      1152   


LINKER GENERATED COPY TABLES

__TI_cinit_table @ 00003f10 records: 2, size/record: 8, table size: 16
	.data: load addr=00003ee8, load size=0000000d bytes, run addr=20000028, run size=0000001c bytes, compression=lzss
	.bss: load addr=00003f08, load size=00000008 bytes, run addr=20000000, run size=00000026 bytes, compression=zero_init


LINKER GENERATED HANDLER TABLE

__TI_handler_table @ 00003ef8 records: 3, size/record: 4, table size: 12
	index: 0, handler: __TI_decompress_lzss
	index: 1, handler: __TI_decompress_none
	index: 2, handler: __TI_zero_init


GLOBAL SYMBOLS: SORTED ALPHABETICALLY BY Name 

address   name                                       
-------   ----                                       
000018c3  ADC14_IRQHandler                           
000018c3  AES256_IRQHandler                          
000018c3  BusFault_Handler                           
000039a1  C$$EXIT                                    
000018c3  COMP_E0_IRQHandler                         
000018c3  COMP_E1_IRQHandler                         
0000395b  CPU_cpsie                                  
000018c3  CS_IRQHandler                              
00001ff5  Crystalfontz128x128_Init                   
00001ec1  Crystalfontz128x128_SetDrawFrame           
00002f11  Crystalfontz128x128_SetOrientation         
000018c3  DMA_ERR_IRQHandler                         
000018c3  DMA_INT0_IRQHandler                        
000018c3  DMA_INT1_IRQHandler                        
000018c3  DMA_INT2_IRQHandler                        
000018c3  DMA_INT3_IRQHandler                        
000018c3  DebugMon_Handler                           
000018c3  Default_Handler                            
000018c3  EUSCIA0_IRQHandler                         
000018c3  EUSCIA1_IRQHandler                         
000018c3  EUSCIA2_IRQHandler                         
000018c3  EUSCIA3_IRQHandler                         
000018c3  EUSCIB0_IRQHandler                         
000018c3  EUSCIB1_IRQHandler                         
000018c3  EUSCIB2_IRQHandler                         
000018c3  EUSCIB3_IRQHandler                         
00003875  EUSCI_A_SPI_enable                         
0000388b  EUSCI_B_SPI_enable                         
000018c3  FLCTL_IRQHandler                           
000018c3  FPU_IRQHandler                             
00003659  GPIO_clearInterruptFlag                    
00003681  GPIO_enableInterrupt                       
000033d5  GPIO_interruptEdgeSelect                   
0000305d  GPIO_setAsInputPin                         
00003255  GPIO_setAsOutputPin                        
000029b5  GPIO_setAsPeripheralModuleFunctionOutputPin
000036a9  GPIO_setOutputHighOnPin                    
000036d1  GPIO_setOutputLowOnPin                     
000038f7  Graphics_clearDisplay                      
000037ad  Graphics_clearDisplayOnDisplay             
00003449  Graphics_drawHorizontalLineOnDisplay       
0000274b  Graphics_drawLineH                         
000027e7  Graphics_drawLineV                         
000035d9  Graphics_drawPixelOnDisplay                
00000b33  Graphics_drawString                        
00003141  Graphics_drawStringCentered                
0000347f  Graphics_drawVerticalLineOnDisplay         
000014c1  Graphics_fillCircle                        
00002451  Graphics_getStringWidth                    
00002fb9  Graphics_initContext                       
000037c7  Graphics_setBackgroundColor                
000037e1  Graphics_setFont                           
000038a1  Graphics_setForegroundColor                
000038b7  Graphics_translateColorOnDisplay           
0000351d  HAL_LCD_PortInit                           
000032d5  HAL_LCD_SpiInit                            
00003411  HAL_LCD_writeCommand                       
00003605  HAL_LCD_writeData                          
000018c3  HardFault_Handler                          
00002b49  Interrupt_enableInterrupt                  
0000391b  Interrupt_enableMaster                     
000030a9  LCD_init                                   
20000022  Lcd_FlagRead                               
20000023  Lcd_FontSolid                              
20000024  Lcd_Orientation                            
20000025  Lcd_PenSolid                               
2000001c  Lcd_ScreenHeigth                           
2000001e  Lcd_ScreenWidth                            
20000020  Lcd_TouchTrim                              
000018c3  MemManage_Handler                          
000018c3  NMI_Handler                                
000018c3  PCM_IRQHandler                             
000018c3  PORT1_IRQHandler                           
000018c3  PORT2_IRQHandler                           
00003815  PORT3_IRQHandler                           
00003815  PORT3_IRQHandler                           
000018c3  PORT4_IRQHandler                           
0000382d  PORT5_IRQHandler                           
0000382d  PORT5_IRQHandler                           
000018c3  PORT6_IRQHandler                           
000018c3  PSS_IRQHandler                             
000018c3  PendSV_Handler                             
000018c3  RTC_C_IRQHandler                           
00003967  Reset_Handler                              
0000373d  SPI_enableModule                           
000025ff  SPI_initMaster                             
000018c3  SVC_Handler                                
00003975  SysTick_Handler                            
00003975  SysTick_Handler                            
0000392d  SysTick_enableInterrupt                    
0000393d  SysTick_enableModule                       
00003845  SysTick_setPeriod                          
00002c45  SystemInit                                 
000018c3  T32_INT1_IRQHandler                        
000018c3  T32_INT2_IRQHandler                        
000018c3  T32_INTC_IRQHandler                        
000018c3  TA0_0_IRQHandler                           
000018c3  TA0_N_IRQHandler                           
000018c3  TA1_0_IRQHandler                           
000018c3  TA1_N_IRQHandler                           
000018c3  TA2_0_IRQHandler                           
000018c3  TA2_N_IRQHandler                           
000018c3  TA3_0_IRQHandler                           
000018c3  TA3_N_IRQHandler                           
000018c3  UsageFault_Handler                         
4000480c  WDTCTL_SYM                                 
000018c3  WDT_A_IRQHandler                           
000036f9  WDT_A_holdTimer                            
20010000  __STACK_END                                
00000200  __STACK_SIZE                               
00003f10  __TI_CINIT_Base                            
00003f20  __TI_CINIT_Limit                           
00003ef8  __TI_Handler_Table_Base                    
00003f04  __TI_Handler_Table_Limit                   
000031d1  __TI_auto_init_nobinit_nopinit             
00002d2b  __TI_decompress_lzss                       
0000394d  __TI_decompress_none                       
ffffffff  __TI_pprof_out_hndl                        
000000e5  __TI_printfi                               
ffffffff  __TI_prof_data_size                        
ffffffff  __TI_prof_data_start                       
00000000  __TI_static_base__                         
00003759  __TI_zero_init_nomemset                    
00002a3d  __aeabi_cdcmpeq                            
00002a3d  __aeabi_cdcmple                            
00002ac3  __aeabi_cdrcmple                           
00003189  __aeabi_d2iz                               
00001a9f  __aeabi_dadd                               
00001d89  __aeabi_ddiv                               
00002355  __aeabi_dmul                               
00001a95  __aeabi_dsub                               
00003995  __aeabi_errno_addr                         
0000357d  __aeabi_i2d                                
00001c4b  __aeabi_idiv0                              
00001c4b  __aeabi_ldiv0                              
00002bc9  __aeabi_memclr                             
00002bc9  __aeabi_memclr4                            
00002bc9  __aeabi_memclr8                            
00002883  __aeabi_memcpy                             
00002883  __aeabi_memcpy4                            
00002883  __aeabi_memcpy8                            
00002bcb  __aeabi_memset                             
00002bcb  __aeabi_memset4                            
00002bcb  __aeabi_memset8                            
0000291f  __aeabi_uldivmod                           
ffffffff  __binit__                                  
ffffffff  __c_args__                                 
UNDEFED   __mpu_init                                 
2000fe00  __stack                                    
000034b5  _c_int00_noargs                            
00003c9c  _ctypes_                                   
UNDEFED   _system_post_cinit                         
0000399d  _system_pre_init                           
000039a1  abort                                      
000030f5  atoi                                       
ffffffff  binit                                      
000037fb  copysign                                   
000037fb  copysignl                                  
00003775  draw                                       
0000371d  draw_paddle                                
0000354d  erase                                      
000034e9  erase_paddle                               
20000040  errno                                      
20000038  flag                                       
2000003d  flagDown                                   
2000003c  flagUp                                     
00002d95  frexp                                      
00002d95  frexpl                                     
20000000  g_sContext                                 
20000028  g_sCrystalfontz128x128                     
00003e98  g_sCrystalfontz128x128_funcs               
00003da0  g_sFontFixed6x8                            
00000000  interruptVectors                           
00002245  ldexp                                      
00002245  ldexpl                                     
00002f65  ltoa                                       
00000fb1  main                                       
00003791  memccpy                                    
00002883  memcpy                                     
00002bd1  memset                                     
00002245  scalbn                                     
00002245  scalbnl                                    
00003355  sprintf                                    
000038cd  strchr                                     
000038e3  strlen                                     
00003909  wcslen                                     


GLOBAL SYMBOLS: SORTED BY Symbol Address 

address   name                                       
-------   ----                                       
00000000  __TI_static_base__                         
00000000  interruptVectors                           
000000e5  __TI_printfi                               
00000200  __STACK_SIZE                               
00000b33  Graphics_drawString                        
00000fb1  main                                       
000014c1  Graphics_fillCircle                        
000018c3  ADC14_IRQHandler                           
000018c3  AES256_IRQHandler                          
000018c3  BusFault_Handler                           
000018c3  COMP_E0_IRQHandler                         
000018c3  COMP_E1_IRQHandler                         
000018c3  CS_IRQHandler                              
000018c3  DMA_ERR_IRQHandler                         
000018c3  DMA_INT0_IRQHandler                        
000018c3  DMA_INT1_IRQHandler                        
000018c3  DMA_INT2_IRQHandler                        
000018c3  DMA_INT3_IRQHandler                        
000018c3  DebugMon_Handler                           
000018c3  Default_Handler                            
000018c3  EUSCIA0_IRQHandler                         
000018c3  EUSCIA1_IRQHandler                         
000018c3  EUSCIA2_IRQHandler                         
000018c3  EUSCIA3_IRQHandler                         
000018c3  EUSCIB0_IRQHandler                         
000018c3  EUSCIB1_IRQHandler                         
000018c3  EUSCIB2_IRQHandler                         
000018c3  EUSCIB3_IRQHandler                         
000018c3  FLCTL_IRQHandler                           
000018c3  FPU_IRQHandler                             
000018c3  HardFault_Handler                          
000018c3  MemManage_Handler                          
000018c3  NMI_Handler                                
000018c3  PCM_IRQHandler                             
000018c3  PORT1_IRQHandler                           
000018c3  PORT2_IRQHandler                           
000018c3  PORT4_IRQHandler                           
000018c3  PORT6_IRQHandler                           
000018c3  PSS_IRQHandler                             
000018c3  PendSV_Handler                             
000018c3  RTC_C_IRQHandler                           
000018c3  SVC_Handler                                
000018c3  T32_INT1_IRQHandler                        
000018c3  T32_INT2_IRQHandler                        
000018c3  T32_INTC_IRQHandler                        
000018c3  TA0_0_IRQHandler                           
000018c3  TA0_N_IRQHandler                           
000018c3  TA1_0_IRQHandler                           
000018c3  TA1_N_IRQHandler                           
000018c3  TA2_0_IRQHandler                           
000018c3  TA2_N_IRQHandler                           
000018c3  TA3_0_IRQHandler                           
000018c3  TA3_N_IRQHandler                           
000018c3  UsageFault_Handler                         
000018c3  WDT_A_IRQHandler                           
00001a95  __aeabi_dsub                               
00001a9f  __aeabi_dadd                               
00001c4b  __aeabi_idiv0                              
00001c4b  __aeabi_ldiv0                              
00001d89  __aeabi_ddiv                               
00001ec1  Crystalfontz128x128_SetDrawFrame           
00001ff5  Crystalfontz128x128_Init                   
00002245  ldexp                                      
00002245  ldexpl                                     
00002245  scalbn                                     
00002245  scalbnl                                    
00002355  __aeabi_dmul                               
00002451  Graphics_getStringWidth                    
000025ff  SPI_initMaster                             
0000274b  Graphics_drawLineH                         
000027e7  Graphics_drawLineV                         
00002883  __aeabi_memcpy                             
00002883  __aeabi_memcpy4                            
00002883  __aeabi_memcpy8                            
00002883  memcpy                                     
0000291f  __aeabi_uldivmod                           
000029b5  GPIO_setAsPeripheralModuleFunctionOutputPin
00002a3d  __aeabi_cdcmpeq                            
00002a3d  __aeabi_cdcmple                            
00002ac3  __aeabi_cdrcmple                           
00002b49  Interrupt_enableInterrupt                  
00002bc9  __aeabi_memclr                             
00002bc9  __aeabi_memclr4                            
00002bc9  __aeabi_memclr8                            
00002bcb  __aeabi_memset                             
00002bcb  __aeabi_memset4                            
00002bcb  __aeabi_memset8                            
00002bd1  memset                                     
00002c45  SystemInit                                 
00002d2b  __TI_decompress_lzss                       
00002d95  frexp                                      
00002d95  frexpl                                     
00002f11  Crystalfontz128x128_SetOrientation         
00002f65  ltoa                                       
00002fb9  Graphics_initContext                       
0000305d  GPIO_setAsInputPin                         
000030a9  LCD_init                                   
000030f5  atoi                                       
00003141  Graphics_drawStringCentered                
00003189  __aeabi_d2iz                               
000031d1  __TI_auto_init_nobinit_nopinit             
00003255  GPIO_setAsOutputPin                        
000032d5  HAL_LCD_SpiInit                            
00003355  sprintf                                    
000033d5  GPIO_interruptEdgeSelect                   
00003411  HAL_LCD_writeCommand                       
00003449  Graphics_drawHorizontalLineOnDisplay       
0000347f  Graphics_drawVerticalLineOnDisplay         
000034b5  _c_int00_noargs                            
000034e9  erase_paddle                               
0000351d  HAL_LCD_PortInit                           
0000354d  erase                                      
0000357d  __aeabi_i2d                                
000035d9  Graphics_drawPixelOnDisplay                
00003605  HAL_LCD_writeData                          
00003659  GPIO_clearInterruptFlag                    
00003681  GPIO_enableInterrupt                       
000036a9  GPIO_setOutputHighOnPin                    
000036d1  GPIO_setOutputLowOnPin                     
000036f9  WDT_A_holdTimer                            
0000371d  draw_paddle                                
0000373d  SPI_enableModule                           
00003759  __TI_zero_init_nomemset                    
00003775  draw                                       
00003791  memccpy                                    
000037ad  Graphics_clearDisplayOnDisplay             
000037c7  Graphics_setBackgroundColor                
000037e1  Graphics_setFont                           
000037fb  copysign                                   
000037fb  copysignl                                  
00003815  PORT3_IRQHandler                           
00003815  PORT3_IRQHandler                           
0000382d  PORT5_IRQHandler                           
0000382d  PORT5_IRQHandler                           
00003845  SysTick_setPeriod                          
00003875  EUSCI_A_SPI_enable                         
0000388b  EUSCI_B_SPI_enable                         
000038a1  Graphics_setForegroundColor                
000038b7  Graphics_translateColorOnDisplay           
000038cd  strchr                                     
000038e3  strlen                                     
000038f7  Graphics_clearDisplay                      
00003909  wcslen                                     
0000391b  Interrupt_enableMaster                     
0000392d  SysTick_enableInterrupt                    
0000393d  SysTick_enableModule                       
0000394d  __TI_decompress_none                       
0000395b  CPU_cpsie                                  
00003967  Reset_Handler                              
00003975  SysTick_Handler                            
00003975  SysTick_Handler                            
00003995  __aeabi_errno_addr                         
0000399d  _system_pre_init                           
000039a1  C$$EXIT                                    
000039a1  abort                                      
00003c9c  _ctypes_                                   
00003da0  g_sFontFixed6x8                            
00003e98  g_sCrystalfontz128x128_funcs               
00003ef8  __TI_Handler_Table_Base                    
00003f04  __TI_Handler_Table_Limit                   
00003f10  __TI_CINIT_Base                            
00003f20  __TI_CINIT_Limit                           
20000000  g_sContext                                 
2000001c  Lcd_ScreenHeigth                           
2000001e  Lcd_ScreenWidth                            
20000020  Lcd_TouchTrim                              
20000022  Lcd_FlagRead                               
20000023  Lcd_FontSolid                              
20000024  Lcd_Orientation                            
20000025  Lcd_PenSolid                               
20000028  g_sCrystalfontz128x128                     
20000038  flag                                       
2000003c  flagUp                                     
2000003d  flagDown                                   
20000040  errno                                      
2000fe00  __stack                                    
20010000  __STACK_END                                
4000480c  WDTCTL_SYM                                 
ffffffff  __TI_pprof_out_hndl                        
ffffffff  __TI_prof_data_size                        
ffffffff  __TI_prof_data_start                       
ffffffff  __binit__                                  
ffffffff  __c_args__                                 
ffffffff  binit                                      
UNDEFED   __mpu_init                                 
UNDEFED   _system_post_cinit                         

[186 symbols]
