******************************************************************************
                  TI ARM Linker PC v18.12.5                    
******************************************************************************
>> Linked Tue Feb 25 16:14:20 2020

OUTPUT FILE NAME:   <lab_3.out>
ENTRY POINT SYMBOL: "_c_int00_noargs"  address: 00002b7d


MEMORY CONFIGURATION

         name            origin    length      used     unused   attr    fill
----------------------  --------  ---------  --------  --------  ----  --------
  MAIN                  00000000   00040000  00003098  0003cf68  R  X
  INFO                  00200000   00004000  00000000  00004000  R  X
  SRAM_CODE             01000000   00010000  00000dbc  0000f244  RW X
  SRAM_DATA             20000000   00010000  00000dbc  0000f244  RW  


SEGMENT ALLOCATION MAP

run origin  load origin   length   init length attrs members
----------  ----------- ---------- ----------- ----- -------
00000000    00000000    00003098   00003098    r-x
  00000000    00000000    000000e4   000000e4    r-- .intvecs
  000000e4    000000e4    00002df0   00002df0    r-x .text
  00002ed4    00002ed4    00000134   00000134    r-- .const
  00003008    00003008    00000090   00000090    r-- .cinit
20000000    20000000    00000bbc   00000000    rw-
  20000000    20000000    00000800   00000000    rw- .sysmem
  20000800    20000800    000001f4   00000000    rw- .data
  200009f4    200009f4    000001c8   00000000    rw- .bss
2000fe00    2000fe00    00000200   00000000    rw-
  2000fe00    2000fe00    00000200   00000000    rw- .stack


SECTION ALLOCATION MAP

 output                                  attributes/
section   page    origin      length       input sections
--------  ----  ----------  ----------   ----------------
.intvecs   0    00000000    000000e4     
                  00000000    000000e4     startup_msp432p401r_ccs.obj (.intvecs:retain)

.text      0    000000e4    00002df0     
                  000000e4    00000a4e     rtsv7M4_T_le_v4SPD16_eabi.lib : _printfi.c.obj (.text:__TI_printfi)
                  00000b32    00000002     startup_msp432p401r_ccs.obj (.text:Default_Handler)
                  00000b34    00000270     rtsv7M4_T_le_v4SPD16_eabi.lib : _printfi.c.obj (.text:_pconv_a)
                  00000da4    000001d0                                   : _printfi.c.obj (.text:_pconv_g)
                  00000f74    000001b6                                   : fd_add_t2.asm.obj (.text)
                  0000112a    00000002                                   : _lock.c.obj (.text:_nop)
                  0000112c    0000013c                                   : _printfi.c.obj (.text:_pconv_e)
                  00001268    00000136                                   : fd_div_t2.asm.obj (.text)
                  0000139e    00000002                                   : div0.asm.obj (.text)
                  000013a0    00000124                                   : _printfi.c.obj (.text:fcvt)
                  000014c4    00000118                                   : memory.c.obj (.text:aligned_alloc)
                  000015dc    00000114                                   : fputs.c.obj (.text:fputs)
                  000016f0    00000110                                   : s_scalbn.c.obj (.text:scalbn)
                  00001800    000000fc                                   : fd_mul_t2.asm.obj (.text)
                  000018fc    000000e4                                   : memory.c.obj (.text:free)
                  000019e0    000000dc                                   : setvbuf.c.obj (.text:setvbuf)
                  00001abc    000000d4     main.obj (.text:main)
                  00001b90    000000bc     main.obj (.text:RGB_Output)
                  00001c4c    000000b1     rtsv7M4_T_le_v4SPD16_eabi.lib : _printfi.c.obj (.text:_ltostr)
                  00001cfd    00000001     --HOLE-- [fill = 0]
                  00001cfe    0000009c                                   : memcpy_t2.asm.obj (.text)
                  00001d9a    00000096                                   : ull_div_t2.asm.obj (.text)
                  00001e30    0000008c                                   : fputc.c.obj (.text:fputc)
                  00001ebc    00000086                                   : fd_cmp_t2.asm.obj (.text:__aeabi_cdcmple)
                  00001f42    00000086                                   : fd_cmp_t2.asm.obj (.text:__aeabi_cdrcmple)
                  00001fc8    0000007a                                   : memset_t2.asm.obj (.text)
                  00002042    00000002     --HOLE-- [fill = 0]
                  00002044    00000078     system_msp432p401r.obj (.text:SystemInit)
                  000020bc    00000074     rtsv7M4_T_le_v4SPD16_eabi.lib : fclose.c.obj (.text:__TI_closefile)
                  00002130    00000070                                   : memory.c.obj (.text:split)
                  000021a0    0000006e                                   : _printfi.c.obj (.text:_mcpy)
                  0000220e    00000002     --HOLE-- [fill = 0]
                  00002210    0000006c                                   : hostrename.c.obj (.text:HOSTrename)
                  0000227c    00000068                                   : hostlseek.c.obj (.text:HOSTlseek)
                  000022e4    00000068                                   : copy_decompress_lzss.c.obj (.text:decompress:lzss:__TI_decompress_lzss)
                  0000234c    00000068                                   : printf.c.obj (.text:printf)
                  000023b4    00000064                                   : s_frexp.c.obj (.text:frexp)
                  00002418    00000064                                   : fseek.c.obj (.text:fseek)
                  0000247c    00000062                                   : _io_perm.c.obj (.text:__TI_wrt_ok)
                  000024de    00000002     --HOLE-- [fill = 0]
                  000024e0    00000060                                   : hostopen.c.obj (.text:HOSTopen)
                  00002540    0000005c                                   : close.c.obj (.text:close)
                  0000259c    00000058     msp432p4xx_driverlib.lib : gpio.o (.text:GPIO_setAsInputPinWithPullUpResistor)
                  000025f4    00000058     rtsv7M4_T_le_v4SPD16_eabi.lib : hostread.c.obj (.text:HOSTread)
                  0000264c    00000058                                   : hostwrite.c.obj (.text:HOSTwrite)
                  000026a4    00000056                                   : _printfi.c.obj (.text:_pconv_f)
                  000026fa    00000054                                   : ltoa.c.obj (.text:ltoa)
                  0000274e    00000052                                   : _printfi.c.obj (.text:_ecpy)
                  000027a0    0000004c     main.obj (.text:SysTick_Handler)
                  000027ec    0000004c     rtsv7M4_T_le_v4SPD16_eabi.lib : fflush.c.obj (.text:__TI_doflush)
                  00002838    0000004c                                   : atoi.c.obj (.text:atoi)
                  00002884    00000048                                   : exit.c.obj (.text:exit)
                  000028cc    00000048                                   : fd_toi_t2.asm.obj (.text)
                  00002914    00000044                                   : hostclose.c.obj (.text:HOSTclose)
                  00002958    00000044                                   : hostunlink.c.obj (.text:HOSTunlink)
                  0000299c    00000044                                   : autoinit.c.obj (.text:__TI_auto_init_nobinit_nopinit:__TI_auto_init_nobinit_nopinit)
                  000029e0    00000044                                   : getdevice.c.obj (.text:getdevice)
                  00002a24    00000040     msp432p4xx_driverlib.lib : gpio.o (.text:GPIO_setAsOutputPin)
                  00002a64    0000003e     rtsv7M4_T_le_v4SPD16_eabi.lib : _printfi.c.obj (.text:_fcpy)
                  00002aa2    00000002     --HOLE-- [fill = 0]
                  00002aa4    00000038                                   : trgmsg.c.obj (.text:__TI_writemsg)
                  00002adc    00000036                                   : strncpy.c.obj (.text:strncpy)
                  00002b12    00000002     --HOLE-- [fill = 0]
                  00002b14    00000034                                   : fopen.c.obj (.text:__TI_cleanup)
                  00002b48    00000034                                   : trgmsg.c.obj (.text:__TI_readmsg)
                  00002b7c    00000034                                   : boot_cortex_m.c.obj (.text:_c_int00_noargs:_c_int00_noargs)
                  00002bb0    00000030     msp432p4xx_driverlib.lib : gpio.o (.text:GPIO_getInputPinValue)
                  00002be0    00000030     rtsv7M4_T_le_v4SPD16_eabi.lib : getdevice.c.obj (.text:finddevice)
                  00002c10    0000002e                                   : i_tofd_t2.asm.obj (.text)
                  00002c3e    00000002     --HOLE-- [fill = 0]
                  00002c40    0000002c                                   : unlink.c.obj (.text:unlink)
                  00002c6c    00000028     msp432p4xx_driverlib.lib : gpio.o (.text:GPIO_setOutputHighOnPin)
                  00002c94    00000028                              : gpio.o (.text:GPIO_setOutputLowOnPin)
                  00002cbc    00000028     rtsv7M4_T_le_v4SPD16_eabi.lib : memory.c.obj (.text:free_list_insert)
                  00002ce4    00000028                                   : lseek.c.obj (.text:lseek)
                  00002d0c    00000028                                   : write.c.obj (.text:write)
                  00002d34    00000024     msp432p4xx_driverlib.lib : wdt_a.o (.text:WDT_A_holdTimer)
                  00002d58    00000020     rtsv7M4_T_le_v4SPD16_eabi.lib : memchr.c.obj (.text:memchr)
                  00002d78    0000001c                                   : copy_zero_init.c.obj (.text:decompress:ZI:__TI_zero_init_nomemset:__TI_zero_init_nomemset)
                  00002d94    0000001c                                   : memory.c.obj (.text:free_list_remove)
                  00002db0    0000001c                                   : memccpy.c.obj (.text:memccpy)
                  00002dcc    0000001a                                   : s_copysign.c.obj (.text:copysign)
                  00002de6    00000002     --HOLE-- [fill = 0]
                  00002de8    00000018     msp432p4xx_driverlib.lib : systick.o (.text:SysTick_setPeriod)
                  00002e00    00000018     rtsv7M4_T_le_v4SPD16_eabi.lib : strcmp.c.obj (.text:strcmp)
                  00002e18    00000016                                   : strchr.c.obj (.text:strchr)
                  00002e2e    00000014                                   : strcpy.c.obj (.text:strcpy)
                  00002e42    00000014                                   : strlen.c.obj (.text:strlen)
                  00002e56    00000012                                   : wcslen.c.obj (.text:wcslen)
                  00002e68    00000010     msp432p4xx_driverlib.lib : systick.o (.text:SysTick_disableInterrupt)
                  00002e78    00000010                              : systick.o (.text:SysTick_enableInterrupt)
                  00002e88    00000010                              : systick.o (.text:SysTick_enableModule)
                  00002e98    0000000e     rtsv7M4_T_le_v4SPD16_eabi.lib : copy_decompress_none.c.obj (.text:decompress:none:__TI_decompress_none)
                  00002ea6    0000000c     startup_msp432p401r_ccs.obj (.text:Reset_Handler)
                  00002eb2    00000002     --HOLE-- [fill = 0]
                  00002eb4    00000008     rtsv7M4_T_le_v4SPD16_eabi.lib : errno.c.obj (.text:__aeabi_errno_addr)
                  00002ebc    00000008                                   : memory.c.obj (.text:malloc)
                  00002ec4    00000004                                   : printf.c.obj (.text:_outc)
                  00002ec8    00000004                                   : printf.c.obj (.text:_outs)
                  00002ecc    00000004                                   : pre_init.c.obj (.text:_system_pre_init)
                  00002ed0    00000004                                   : exit.c.obj (.text:abort:abort)

.const     0    00002ed4    00000134     
                  00002ed4    00000101     rtsv7M4_T_le_v4SPD16_eabi.lib : ctype.c.obj (.const:.string:_ctypes_)
                  00002fd5    00000003     --HOLE-- [fill = 0]
                  00002fd8    00000030     msp432p4xx_driverlib.lib : gpio.o (.const:GPIO_PORT_TO_BASE)

.cinit     0    00003008    00000090     
                  00003008    00000067     (.cinit..data.load) [load image, compression = lzss]
                  0000306f    00000001     --HOLE-- [fill = 0]
                  00003070    0000000c     (__TI_handler_table)
                  0000307c    00000004     --HOLE-- [fill = 0]
                  00003080    00000008     (.cinit..bss.load) [load image, compression = zero_init]
                  00003088    00000010     (__TI_cinit_table)

.init_array 
*          0    00000000    00000000     UNINITIALIZED

.binit     0    00000000    00000000     

.sysmem    0    20000000    00000800     UNINITIALIZED
                  20000000    00000010     rtsv7M4_T_le_v4SPD16_eabi.lib : memory.c.obj (.sysmem)
                  20000010    000007f0     --HOLE--

.data      0    20000800    000001f4     UNINITIALIZED
                  20000800    000000f0     rtsv7M4_T_le_v4SPD16_eabi.lib : defs.c.obj (.data:_ftable)
                  200008f0    00000078                                   : host_device.c.obj (.data:_device)
                  20000968    00000050                                   : host_device.c.obj (.data:_stream)
                  200009b8    00000010                                   : defs.c.obj (.data)
                  200009c8    0000000c                                   : exit.c.obj (.data:$O1$$)
                  200009d4    0000000c     main.obj (.data)
                  200009e0    00000008     rtsv7M4_T_le_v4SPD16_eabi.lib : _lock.c.obj (.data:$O1$$)
                  200009e8    00000008                                   : memory.c.obj (.data:$O1$$)
                  200009f0    00000004                                   : errno.c.obj (.data)

.bss       0    200009f4    000001c8     UNINITIALIZED
                  200009f4    00000120     rtsv7M4_T_le_v4SPD16_eabi.lib : trgmsg.c.obj (.bss:_CIOBUF_)
                  20000b14    000000a0     (.common:__TI_tmpnams)
                  20000bb4    00000008     (.common:parmbuf)

.stack     0    2000fe00    00000200     UNINITIALIZED
                  2000fe00    00000004     rtsv7M4_T_le_v4SPD16_eabi.lib : boot_cortex_m.c.obj (.stack)
                  2000fe04    000001fc     --HOLE--

MODULE SUMMARY

       Module                        code    ro data   rw data
       ------                        ----    -------   -------
    .\
       main.obj                      476     0         24     
       system_msp432p401r.obj        120     0         0      
    +--+-----------------------------+-------+---------+---------+
       Total:                        596     0         24     
                                                              
    .\ccs\
       startup_msp432p401r_ccs.obj   14      228       0      
    +--+-----------------------------+-------+---------+---------+
       Total:                        14      228       0      
                                                              
    C:/ti/simplelink_msp432p4_sdk_3_40_01_02/source/ti/devices/msp432p4xx/driverlib/ccs/msp432p4xx_driverlib.lib
       gpio.o                        280     48        0      
       systick.o                     72      0         0      
       wdt_a.o                       36      0         0      
    +--+-----------------------------+-------+---------+---------+
       Total:                        388     48        0      
                                                              
    C:\ti\ccs930\ccs\tools\compiler\ti-cgt-arm_18.12.5.LTS\lib\rtsv7M4_T_le_v4SPD16_eabi.lib
       _printfi.c.obj                4851    0         0      
       defs.c.obj                    0       0         832    
       memory.c.obj                  696     0         16     
       trgmsg.c.obj                  108     0         576    
       fd_add_t2.asm.obj             438     0         0      
       host_device.c.obj             0       0         400    
       fd_div_t2.asm.obj             310     0         0      
       fputs.c.obj                   276     0         0      
       s_scalbn.c.obj                272     0         0      
       fd_cmp_t2.asm.obj             268     0         0      
       ctype.c.obj                   0       257       0      
       fd_mul_t2.asm.obj             252     0         0      
       setvbuf.c.obj                 220     0         0      
       memcpy_t2.asm.obj             156     0         0      
       ull_div_t2.asm.obj            150     0         0      
       fputc.c.obj                   140     0         0      
       memset_t2.asm.obj             122     0         0      
       fclose.c.obj                  116     0         0      
       getdevice.c.obj               116     0         0      
       hostopen.c.obj                96      0         16     
       printf.c.obj                  112     0         0      
       hostrename.c.obj              108     0         0      
       copy_decompress_lzss.c.obj    104     0         0      
       hostlseek.c.obj               104     0         0      
       exit.c.obj                    76      0         24     
       fseek.c.obj                   100     0         0      
       s_frexp.c.obj                 100     0         0      
       _io_perm.c.obj                98      0         0      
       close.c.obj                   92      0         0      
       hostread.c.obj                88      0         0      
       hostwrite.c.obj               88      0         0      
       ltoa.c.obj                    84      0         0      
       atoi.c.obj                    76      0         0      
       fflush.c.obj                  76      0         0      
       fd_toi_t2.asm.obj             72      0         0      
       autoinit.c.obj                68      0         0      
       hostclose.c.obj               68      0         0      
       hostunlink.c.obj              68      0         0      
       strncpy.c.obj                 54      0         0      
       boot_cortex_m.c.obj           52      0         0      
       fopen.c.obj                   52      0         0      
       i_tofd_t2.asm.obj             46      0         0      
       unlink.c.obj                  44      0         0      
       lseek.c.obj                   40      0         0      
       write.c.obj                   40      0         0      
       memchr.c.obj                  32      0         0      
       copy_zero_init.c.obj          28      0         0      
       memccpy.c.obj                 28      0         0      
       s_copysign.c.obj              26      0         0      
       strcmp.c.obj                  24      0         0      
       strchr.c.obj                  22      0         0      
       strcpy.c.obj                  20      0         0      
       strlen.c.obj                  20      0         0      
       _lock.c.obj                   2       0         16     
       wcslen.c.obj                  18      0         0      
       errno.c.obj                   8       0         8      
       copy_decompress_none.c.obj    14      0         0      
       pre_init.c.obj                4       0         0      
       div0.asm.obj                  2       0         0      
    +--+-----------------------------+-------+---------+---------+
       Total:                        10745   257       1888   
                                                              
       Heap:                         0       0         4096   
       Stack:                        0       0         1024   
       Linker Generated:             0       139       0      
    +--+-----------------------------+-------+---------+---------+
       Grand Total:                  11743   672       7032   


LINKER GENERATED COPY TABLES

__TI_cinit_table @ 00003088 records: 2, size/record: 8, table size: 16
	.data: load addr=00003008, load size=00000067 bytes, run addr=20000800, run size=000001f4 bytes, compression=lzss
	.bss: load addr=00003080, load size=00000008 bytes, run addr=200009f4, run size=000001c8 bytes, compression=zero_init


LINKER GENERATED HANDLER TABLE

__TI_handler_table @ 00003070 records: 3, size/record: 4, table size: 12
	index: 0, handler: __TI_decompress_lzss
	index: 1, handler: __TI_decompress_none
	index: 2, handler: __TI_zero_init


GLOBAL SYMBOLS: SORTED ALPHABETICALLY BY Name 

address   name                                
-------   ----                                
00000b33  ADC14_IRQHandler                    
00000b33  AES256_IRQHandler                   
00000b33  BusFault_Handler                    
00002ed1  C$$EXIT                             
00002ad3  C$$IO$$                             
00000b33  COMP_E0_IRQHandler                  
00000b33  COMP_E1_IRQHandler                  
00000b33  CS_IRQHandler                       
00000b33  DMA_ERR_IRQHandler                  
00000b33  DMA_INT0_IRQHandler                 
00000b33  DMA_INT1_IRQHandler                 
00000b33  DMA_INT2_IRQHandler                 
00000b33  DMA_INT3_IRQHandler                 
00000b33  DebugMon_Handler                    
00000b33  Default_Handler                     
00000b33  EUSCIA0_IRQHandler                  
00000b33  EUSCIA1_IRQHandler                  
00000b33  EUSCIA2_IRQHandler                  
00000b33  EUSCIA3_IRQHandler                  
00000b33  EUSCIB0_IRQHandler                  
00000b33  EUSCIB1_IRQHandler                  
00000b33  EUSCIB2_IRQHandler                  
00000b33  EUSCIB3_IRQHandler                  
00000b33  FLCTL_IRQHandler                    
00000b33  FPU_IRQHandler                      
00002bb1  GPIO_getInputPinValue               
0000259d  GPIO_setAsInputPinWithPullUpResistor
00002a25  GPIO_setAsOutputPin                 
00002c6d  GPIO_setOutputHighOnPin             
00002c95  GPIO_setOutputLowOnPin              
00002915  HOSTclose                           
0000227d  HOSTlseek                           
000024e1  HOSTopen                            
000025f5  HOSTread                            
00002211  HOSTrename                          
00002959  HOSTunlink                          
0000264d  HOSTwrite                           
00000b33  HardFault_Handler                   
00000b33  MemManage_Handler                   
00000b33  NMI_Handler                         
00000b33  PCM_IRQHandler                      
00000b33  PORT1_IRQHandler                    
00000b33  PORT2_IRQHandler                    
00000b33  PORT3_IRQHandler                    
00000b33  PORT4_IRQHandler                    
00000b33  PORT5_IRQHandler                    
00000b33  PORT6_IRQHandler                    
00000b33  PSS_IRQHandler                      
00000b33  PendSV_Handler                      
00001b91  RGB_Output                          
00000b33  RTC_C_IRQHandler                    
00002ea7  Reset_Handler                       
00000b33  SVC_Handler                         
000027a1  SysTick_Handler                     
000027a1  SysTick_Handler                     
00002e69  SysTick_disableInterrupt            
00002e79  SysTick_enableInterrupt             
00002e89  SysTick_enableModule                
00002de9  SysTick_setPeriod                   
00002045  SystemInit                          
00000b33  T32_INT1_IRQHandler                 
00000b33  T32_INT2_IRQHandler                 
00000b33  T32_INTC_IRQHandler                 
00000b33  TA0_0_IRQHandler                    
00000b33  TA0_N_IRQHandler                    
00000b33  TA1_0_IRQHandler                    
00000b33  TA1_N_IRQHandler                    
00000b33  TA2_0_IRQHandler                    
00000b33  TA2_N_IRQHandler                    
00000b33  TA3_0_IRQHandler                    
00000b33  TA3_N_IRQHandler                    
00000b33  UsageFault_Handler                  
4000480c  WDTCTL_SYM                          
00000b33  WDT_A_IRQHandler                    
00002d35  WDT_A_holdTimer                     
200009f4  __CIOBUF_                           
20010000  __STACK_END                         
00000200  __STACK_SIZE                        
00000800  __SYSMEM_SIZE                       
00003088  __TI_CINIT_Base                     
00003098  __TI_CINIT_Limit                    
00003070  __TI_Handler_Table_Base             
0000307c  __TI_Handler_Table_Limit            
0000299d  __TI_auto_init_nobinit_nopinit      
00002b15  __TI_cleanup                        
200009c8  __TI_cleanup_ptr                    
000020bd  __TI_closefile                      
000022e5  __TI_decompress_lzss                
00002e99  __TI_decompress_none                
000027ed  __TI_doflush                        
200009cc  __TI_dtors_ptr                      
200009d0  __TI_enable_exit_profile_output     
200009b8  __TI_ft_end                         
ffffffff  __TI_pprof_out_hndl                 
000000e5  __TI_printfi                        
ffffffff  __TI_prof_data_size                 
ffffffff  __TI_prof_data_start                
00002b49  __TI_readmsg                        
00000000  __TI_static_base__                  
20000b14  __TI_tmpnams                        
00002aa5  __TI_writemsg                       
0000247d  __TI_wrt_ok                         
00002d79  __TI_zero_init_nomemset             
00001ebd  __aeabi_cdcmpeq                     
00001ebd  __aeabi_cdcmple                     
00001f43  __aeabi_cdrcmple                    
000028cd  __aeabi_d2iz                        
00000f7f  __aeabi_dadd                        
00001269  __aeabi_ddiv                        
00001801  __aeabi_dmul                        
00000f75  __aeabi_dsub                        
00002eb5  __aeabi_errno_addr                  
00002c11  __aeabi_i2d                         
0000139f  __aeabi_idiv0                       
0000139f  __aeabi_ldiv0                       
00001fc9  __aeabi_memclr                      
00001fc9  __aeabi_memclr4                     
00001fc9  __aeabi_memclr8                     
00001cff  __aeabi_memcpy                      
00001cff  __aeabi_memcpy4                     
00001cff  __aeabi_memcpy8                     
00001fcb  __aeabi_memset                      
00001fcb  __aeabi_memset4                     
00001fcb  __aeabi_memset8                     
200009c4  __aeabi_stderr                      
200009bc  __aeabi_stdin                       
200009c0  __aeabi_stdout                      
00001d9b  __aeabi_uldivmod                    
ffffffff  __binit__                           
ffffffff  __c_args__                          
UNDEFED   __mpu_init                          
2000fe00  __stack                             
00002b7d  _c_int00_noargs                     
00002ed4  _ctypes_                            
200008f0  _device                             
20000800  _ftable                             
200009e0  _lock                               
0000112b  _nop                                
20000968  _stream                             
20000000  _sys_memory                         
UNDEFED   _system_post_cinit                  
00002ecd  _system_pre_init                    
200009e4  _unlock                             
00002ed1  abort                               
000014c5  aligned_alloc                       
00002839  atoi                                
ffffffff  binit                               
00002541  close                               
00002dcd  copysign                            
00002dcd  copysignl                           
200009dc  count                               
200009f0  errno                               
00002885  exit                                
00002be1  finddevice                          
00001e31  fputc                               
000015dd  fputs                               
000018fd  free                                
000023b5  frexp                               
000023b5  frexpl                              
00002419  fseek                               
000029e1  getdevice                           
200009d4  hundredths                          
00000000  interruptVectors                    
000016f1  ldexp                               
000016f1  ldexpl                              
00002ce5  lseek                               
000026fb  ltoa                                
00001abd  main                                
00002ebd  malloc                              
000014c5  memalign                            
00002db1  memccpy                             
00002d59  memchr                              
00001cff  memcpy                              
00001fd1  memset                              
20000bb4  parmbuf                             
0000234d  printf                              
00001e31  putc                                
00002c41  remove                              
000016f1  scalbn                              
000016f1  scalbnl                             
200009d8  seconds                             
000019e1  setvbuf                             
00002e19  strchr                              
00002e01  strcmp                              
00002e2f  strcpy                              
00002e43  strlen                              
00002add  strncpy                             
00002c41  unlink                              
00002e57  wcslen                              
00002d0d  write                               


GLOBAL SYMBOLS: SORTED BY Symbol Address 

address   name                                
-------   ----                                
00000000  __TI_static_base__                  
00000000  interruptVectors                    
000000e5  __TI_printfi                        
00000200  __STACK_SIZE                        
00000800  __SYSMEM_SIZE                       
00000b33  ADC14_IRQHandler                    
00000b33  AES256_IRQHandler                   
00000b33  BusFault_Handler                    
00000b33  COMP_E0_IRQHandler                  
00000b33  COMP_E1_IRQHandler                  
00000b33  CS_IRQHandler                       
00000b33  DMA_ERR_IRQHandler                  
00000b33  DMA_INT0_IRQHandler                 
00000b33  DMA_INT1_IRQHandler                 
00000b33  DMA_INT2_IRQHandler                 
00000b33  DMA_INT3_IRQHandler                 
00000b33  DebugMon_Handler                    
00000b33  Default_Handler                     
00000b33  EUSCIA0_IRQHandler                  
00000b33  EUSCIA1_IRQHandler                  
00000b33  EUSCIA2_IRQHandler                  
00000b33  EUSCIA3_IRQHandler                  
00000b33  EUSCIB0_IRQHandler                  
00000b33  EUSCIB1_IRQHandler                  
00000b33  EUSCIB2_IRQHandler                  
00000b33  EUSCIB3_IRQHandler                  
00000b33  FLCTL_IRQHandler                    
00000b33  FPU_IRQHandler                      
00000b33  HardFault_Handler                   
00000b33  MemManage_Handler                   
00000b33  NMI_Handler                         
00000b33  PCM_IRQHandler                      
00000b33  PORT1_IRQHandler                    
00000b33  PORT2_IRQHandler                    
00000b33  PORT3_IRQHandler                    
00000b33  PORT4_IRQHandler                    
00000b33  PORT5_IRQHandler                    
00000b33  PORT6_IRQHandler                    
00000b33  PSS_IRQHandler                      
00000b33  PendSV_Handler                      
00000b33  RTC_C_IRQHandler                    
00000b33  SVC_Handler                         
00000b33  T32_INT1_IRQHandler                 
00000b33  T32_INT2_IRQHandler                 
00000b33  T32_INTC_IRQHandler                 
00000b33  TA0_0_IRQHandler                    
00000b33  TA0_N_IRQHandler                    
00000b33  TA1_0_IRQHandler                    
00000b33  TA1_N_IRQHandler                    
00000b33  TA2_0_IRQHandler                    
00000b33  TA2_N_IRQHandler                    
00000b33  TA3_0_IRQHandler                    
00000b33  TA3_N_IRQHandler                    
00000b33  UsageFault_Handler                  
00000b33  WDT_A_IRQHandler                    
00000f75  __aeabi_dsub                        
00000f7f  __aeabi_dadd                        
0000112b  _nop                                
00001269  __aeabi_ddiv                        
0000139f  __aeabi_idiv0                       
0000139f  __aeabi_ldiv0                       
000014c5  aligned_alloc                       
000014c5  memalign                            
000015dd  fputs                               
000016f1  ldexp                               
000016f1  ldexpl                              
000016f1  scalbn                              
000016f1  scalbnl                             
00001801  __aeabi_dmul                        
000018fd  free                                
000019e1  setvbuf                             
00001abd  main                                
00001b91  RGB_Output                          
00001cff  __aeabi_memcpy                      
00001cff  __aeabi_memcpy4                     
00001cff  __aeabi_memcpy8                     
00001cff  memcpy                              
00001d9b  __aeabi_uldivmod                    
00001e31  fputc                               
00001e31  putc                                
00001ebd  __aeabi_cdcmpeq                     
00001ebd  __aeabi_cdcmple                     
00001f43  __aeabi_cdrcmple                    
00001fc9  __aeabi_memclr                      
00001fc9  __aeabi_memclr4                     
00001fc9  __aeabi_memclr8                     
00001fcb  __aeabi_memset                      
00001fcb  __aeabi_memset4                     
00001fcb  __aeabi_memset8                     
00001fd1  memset                              
00002045  SystemInit                          
000020bd  __TI_closefile                      
00002211  HOSTrename                          
0000227d  HOSTlseek                           
000022e5  __TI_decompress_lzss                
0000234d  printf                              
000023b5  frexp                               
000023b5  frexpl                              
00002419  fseek                               
0000247d  __TI_wrt_ok                         
000024e1  HOSTopen                            
00002541  close                               
0000259d  GPIO_setAsInputPinWithPullUpResistor
000025f5  HOSTread                            
0000264d  HOSTwrite                           
000026fb  ltoa                                
000027a1  SysTick_Handler                     
000027a1  SysTick_Handler                     
000027ed  __TI_doflush                        
00002839  atoi                                
00002885  exit                                
000028cd  __aeabi_d2iz                        
00002915  HOSTclose                           
00002959  HOSTunlink                          
0000299d  __TI_auto_init_nobinit_nopinit      
000029e1  getdevice                           
00002a25  GPIO_setAsOutputPin                 
00002aa5  __TI_writemsg                       
00002ad3  C$$IO$$                             
00002add  strncpy                             
00002b15  __TI_cleanup                        
00002b49  __TI_readmsg                        
00002b7d  _c_int00_noargs                     
00002bb1  GPIO_getInputPinValue               
00002be1  finddevice                          
00002c11  __aeabi_i2d                         
00002c41  remove                              
00002c41  unlink                              
00002c6d  GPIO_setOutputHighOnPin             
00002c95  GPIO_setOutputLowOnPin              
00002ce5  lseek                               
00002d0d  write                               
00002d35  WDT_A_holdTimer                     
00002d59  memchr                              
00002d79  __TI_zero_init_nomemset             
00002db1  memccpy                             
00002dcd  copysign                            
00002dcd  copysignl                           
00002de9  SysTick_setPeriod                   
00002e01  strcmp                              
00002e19  strchr                              
00002e2f  strcpy                              
00002e43  strlen                              
00002e57  wcslen                              
00002e69  SysTick_disableInterrupt            
00002e79  SysTick_enableInterrupt             
00002e89  SysTick_enableModule                
00002e99  __TI_decompress_none                
00002ea7  Reset_Handler                       
00002eb5  __aeabi_errno_addr                  
00002ebd  malloc                              
00002ecd  _system_pre_init                    
00002ed1  C$$EXIT                             
00002ed1  abort                               
00002ed4  _ctypes_                            
00003070  __TI_Handler_Table_Base             
0000307c  __TI_Handler_Table_Limit            
00003088  __TI_CINIT_Base                     
00003098  __TI_CINIT_Limit                    
20000000  _sys_memory                         
20000800  _ftable                             
200008f0  _device                             
20000968  _stream                             
200009b8  __TI_ft_end                         
200009bc  __aeabi_stdin                       
200009c0  __aeabi_stdout                      
200009c4  __aeabi_stderr                      
200009c8  __TI_cleanup_ptr                    
200009cc  __TI_dtors_ptr                      
200009d0  __TI_enable_exit_profile_output     
200009d4  hundredths                          
200009d8  seconds                             
200009dc  count                               
200009e0  _lock                               
200009e4  _unlock                             
200009f0  errno                               
200009f4  __CIOBUF_                           
20000b14  __TI_tmpnams                        
20000bb4  parmbuf                             
2000fe00  __stack                             
20010000  __STACK_END                         
4000480c  WDTCTL_SYM                          
ffffffff  __TI_pprof_out_hndl                 
ffffffff  __TI_prof_data_size                 
ffffffff  __TI_prof_data_start                
ffffffff  __binit__                           
ffffffff  __c_args__                          
ffffffff  binit                               
UNDEFED   __mpu_init                          
UNDEFED   _system_post_cinit                  

[190 symbols]
